AR mux2x4 behavioral D:/Adelin/Facultate/ANUL3/Project/PIC24/MUX2x4.vhd sub00/vhpl07 1610716536
EN pic24 NULL D:/Adelin/Facultate/ANUL3/Project/PIC24/PIC24.vhf sub00/vhpl18 1610725967
AR rom32x24 rom32x24_arch D:/Adelin/Facultate/ANUL3/Project/PIC24/ROM32x24_testOV.vhd sub00/vhpl03 1610716544
AR file_regs behavioral D:/Adelin/Facultate/ANUL3/Project/PIC24/File_Regs.vhd sub00/vhpl09 1610716534
AR alu behavioral D:/Adelin/Facultate/ANUL3/Project/PIC24/ALU.vhd sub00/vhpl17 1610716528
EN datamem NULL D:/Adelin/Facultate/ANUL3/Project/PIC24/DataMem.vhd sub00/vhpl10 1610716531
EN file_regs NULL D:/Adelin/Facultate/ANUL3/Project/PIC24/File_Regs.vhd sub00/vhpl08 1610716533
EN rom32x24 NULL D:/Adelin/Facultate/ANUL3/Project/PIC24/ROM32x24_testOV.vhd sub00/vhpl02 1610716543
AR pic24 behavioral D:/Adelin/Facultate/ANUL3/Project/PIC24/PIC24.vhf sub00/vhpl19 1610725968
EN mux2x4 NULL D:/Adelin/Facultate/ANUL3/Project/PIC24/MUX2x4.vhd sub00/vhpl06 1610716535
EN pc_update NULL D:/Adelin/Facultate/ANUL3/Project/PIC24/PC_Update.vhd sub00/vhpl00 1610716539
AR ctrl behavioral D:/Adelin/Facultate/ANUL3/Project/PIC24/CTRL.vhd sub00/vhpl15 1610716530
EN progcnt NULL D:/Adelin/Facultate/ANUL3/Project/PIC24/ProgCnt.vhd sub00/vhpl04 1610716541
EN ctrl NULL D:/Adelin/Facultate/ANUL3/Project/PIC24/CTRL.vhd sub00/vhpl14 1610716529
AR progcnt behavioral D:/Adelin/Facultate/ANUL3/Project/PIC24/ProgCnt.vhd sub00/vhpl05 1610716542
AR datamem behavioral D:/Adelin/Facultate/ANUL3/Project/PIC24/DataMem.vhd sub00/vhpl11 1610716532
AR pc_update behavioral D:/Adelin/Facultate/ANUL3/Project/PIC24/PC_Update.vhd sub00/vhpl01 1610716540
EN alu NULL D:/Adelin/Facultate/ANUL3/Project/PIC24/ALU.vhd sub00/vhpl16 1610716527
EN mux2x16 NULL D:/Adelin/Facultate/ANUL3/Project/PIC24/MUX2x16.vhd sub00/vhpl12 1610716537
AR mux2x16 behavioral D:/Adelin/Facultate/ANUL3/Project/PIC24/MUX2x16.vhd sub00/vhpl13 1610716538
